------------------------------------------------------------
Timing Analyzer Summary
------------------------------------------------------------

Type  : Slow 1100mV 85C Model Setup 'CLOCK_50_B6A'
Slack : -0.218
TNS   : -0.683

Type  : Slow 1100mV 85C Model Hold 'CLOCK_50_B6A'
Slack : 0.347
TNS   : 0.000

Type  : Slow 1100mV 85C Model Minimum Pulse Width 'CLOCK_50_B6A'
Slack : -0.538
TNS   : -3.097

Type  : Slow 1100mV 0C Model Setup 'CLOCK_50_B6A'
Slack : -0.235
TNS   : -0.594

Type  : Slow 1100mV 0C Model Hold 'CLOCK_50_B6A'
Slack : 0.325
TNS   : 0.000

Type  : Slow 1100mV 0C Model Minimum Pulse Width 'CLOCK_50_B6A'
Slack : -0.538
TNS   : -3.099

Type  : Fast 1100mV 85C Model Setup 'CLOCK_50_B6A'
Slack : 0.323
TNS   : 0.000

Type  : Fast 1100mV 85C Model Hold 'CLOCK_50_B6A'
Slack : 0.182
TNS   : 0.000

Type  : Fast 1100mV 85C Model Minimum Pulse Width 'CLOCK_50_B6A'
Slack : -0.369
TNS   : -2.003

Type  : Fast 1100mV 0C Model Setup 'CLOCK_50_B6A'
Slack : 0.377
TNS   : 0.000

Type  : Fast 1100mV 0C Model Hold 'CLOCK_50_B6A'
Slack : 0.161
TNS   : 0.000

Type  : Fast 1100mV 0C Model Minimum Pulse Width 'CLOCK_50_B6A'
Slack : -0.413
TNS   : -2.536

------------------------------------------------------------
